2026-10-01 15:43:06,568 INFO app_runtime: Application start frozen=False data_dir=C:\Users\Admin\OneDrive\Documents\GitHub\mkdir-NetworkAutomation\NetworkAutomation
2026-10-01 15:57:41,718 INFO app_runtime: Application start frozen=False data_dir=C:\Users\Admin\OneDrive\Documents\GitHub\mkdir-NetworkAutomation\NetworkAutomation
<<<<<<< Updated upstream
2026-10-01 19:31:38,769 INFO app_runtime: Application start frozen=False data_dir=C:\Users\B-Tech Computer\Documents\GitHub\mkdir-NetworkAutomation\NetworkAutomation
2026-10-01 22:32:20,948 INFO app_runtime: Application start frozen=False data_dir=C:\Users\B-Tech Computer\Documents\GitHub\mkdir-NetworkAutomation\NetworkAutomation
2026-10-01 22:33:01,325 INFO app_runtime: Application start frozen=False data_dir=C:\Users\B-Tech Computer\Documents\GitHub\mkdir-NetworkAutomation\NetworkAutomation
2026-10-01 22:33:53,607 INFO app_runtime: Application start frozen=False data_dir=C:\Users\B-Tech Computer\Documents\GitHub\mkdir-NetworkAutomation\NetworkAutomation
2026-10-01 22:37:05,859 ERROR tkinter: Unhandled Tk callback exception
Traceback (most recent call last):
  File "C:\Users\B-Tech Computer\AppData\Local\Programs\Python\Python314\Lib\tkinter\__init__.py", line 2093, in __call__
    return self.func(*args)
           ~~~~~~~~~^^^^^^^
  File "C:\Users\B-Tech Computer\Documents\GitHub\mkdir-NetworkAutomation\NetworkAutomation\modules\account_ui.py", line 204, in <lambda>
    parent.bind('<Configure>', lambda e: hint.configure(wraplength=max(250, e.width-50)) if e.widget is parent else None, add='+')
                                         ~~~~~~~~~~~~~~^^^^^^^^^^^^^^^^^^^^^^^^^^^^^^^^^
  File "C:\Users\B-Tech Computer\AppData\Local\Programs\Python\Python314\Lib\tkinter\__init__.py", line 1842, in configure
    return self._configure('configure', cnf, kw)
           ~~~~~~~~~~~~~~~^^^^^^^^^^^^^^^^^^^^^^
  File "C:\Users\B-Tech Computer\AppData\Local\Programs\Python\Python314\Lib\tkinter\__init__.py", line 1826, in _configure
    self.tk.call(_flatten((self._w, cmd)) + self._options(cnf))
    ~~~~~~~~~~~~^^^^^^^^^^^^^^^^^^^^^^^^^^^^^^^^^^^^^^^^^^^^^^^
_tkinter.TclError: invalid command name ".!frame3.!label2"
=======
2026-10-01 16:13:10,607 INFO app_runtime: Application start frozen=False data_dir=C:\Users\Admin\OneDrive\Documents\GitHub\mkdir-NetworkAutomation\NetworkAutomation
2026-10-01 16:24:28,436 INFO app_runtime: Application start frozen=False data_dir=C:\Users\Admin\OneDrive\Documents\GitHub\mkdir-NetworkAutomation\NetworkAutomation
2026-10-01 16:24:40,345 INFO app_runtime: Application start frozen=False data_dir=C:\Users\Admin\OneDrive\Documents\GitHub\mkdir-NetworkAutomation\NetworkAutomation
2026-10-01 16:25:56,823 INFO app_runtime: Application start frozen=False data_dir=C:\Users\Admin\OneDrive\Documents\GitHub\mkdir-NetworkAutomation\NetworkAutomation
>>>>>>> Stashed changes
2026-10-02 07:59:59,562 INFO app_runtime: Application start frozen=False data_dir=C:\Users\Admin\OneDrive\Documents\GitHub\mkdir-NetworkAutomation\NetworkAutomation
2026-10-02 08:01:25,444 ERROR tkinter: Unhandled Tk callback exception
Traceback (most recent call last):
  File "C:\Users\Admin\AppData\Local\Programs\Python\Python313\Lib\tkinter\__init__.py", line 2100, in __call__
    return self.func(*args)
           ~~~~~~~~~^^^^^^^
  File "C:\Users\Admin\AppData\Local\Programs\Python\Python313\Lib\tkinter\__init__.py", line 871, in callit
    func(*args)
    ~~~~^^^^^^^
  File "C:\Users\Admin\OneDrive\Documents\GitHub\mkdir-NetworkAutomation\NetworkAutomation\main.py", line 3809, in display_ping_results
    for item in self.ping_table.get_children():
                ~~~~~~~~~~~~~~~~~~~~~~~~~~~~^^
  File "C:\Users\Admin\AppData\Local\Programs\Python\Python313\Lib\tkinter\ttk.py", line 1218, in get_children
    self.tk.call(self._w, "children", item or '') or ())
    ~~~~~~~~~~~~^^^^^^^^^^^^^^^^^^^^^^^^^^^^^^^^^
_tkinter.TclError: invalid command name ".!frame3.!frame24.!treeview"
2026-10-02 08:03:02,167 INFO app_runtime: Application start frozen=False data_dir=C:\Users\Admin\OneDrive\Documents\GitHub\mkdir-NetworkAutomation\NetworkAutomation
2026-10-02 08:08:09,377 INFO app_runtime: Application start frozen=False data_dir=C:\Users\Admin\OneDrive\Documents\GitHub\mkdir-NetworkAutomation\NetworkAutomation
2026-10-02 15:52:01,551 INFO app_runtime: Application start frozen=False data_dir=C:\Users\Admin\OneDrive\Documents\GitHub\mkdir-NetworkAutomation\NetworkAutomation
